src/pages/PlanningView.tsx(315,6): error TS17008: JSX element 'div' has no corresponding closing tag.
src/pages/PlanningView.tsx(1349,1): error TS1381: Unexpected token. Did you mean `{'}'}` or `&rbrace;`?
src/pages/PlanningView.tsx(1350,1): error TS1005: '</' expected.
